exports[`historyReducer returns the initial state 1`] = `
Object {
  "agents": Object {},
  "features": Object {
    "descriptors": "",
    "outcome": "",
    "pastDescriptors": Object {},
    "when": "",
  },
  "investigations": Object {},
  "patient": Object {
    "age": null,
    "ageGroup": null,
    "ageUnits": null,
    "ageYears": null,
    "animalType": null,
    "category": null,
    "circumstance": null,
    "gender": null,
    "localityAddress1": null,
    "localityCity": null,
    "localityCountry": null,
    "localityGeometry": null,
    "localityISOCountry": null,
    "localityLocation": null,
    "localityName": null,
    "localityPlaceId": null,
    "localityPostcode": null,
    "localityState": null,
    "localityTelephone": null,
    "medicalRecordNumber": null,
    "medicalRecordNumberEnc": null,
    "name": null,
    "nameEnc": null,
    "occupation": null,
    "outcome": null,
    "poisonSeverityScore": null,
    "pregnantLactating": null,
    "pregnantStatus": null,
    "pregnantTrimester": null,
    "pregnantTrimesterUnknown": null,
    "riskAssessment": null,
    "topic": null,
    "weight": null,
    "weightUnits": null,
  },
  "treatments": Object {
    "pastTreatments": Object {},
    "referrals": Array [],
    "treatments": Array [],
  },
}
`;
