exports[`statusRecordReducer returns the initial state 1`] = `
Object {
  "deleted": false,
  "direction": "incoming",
  "endTimestamp": null,
  "history": Object {
    "agents": Object {},
    "features": Object {
      "descriptors": "",
      "outcome": "",
      "pastDescriptors": Object {},
      "when": "",
    },
    "investigations": Object {},
    "patient": Object {
      "age": null,
      "ageGroup": null,
      "ageUnits": null,
      "ageYears": null,
      "animalType": null,
      "category": null,
      "circumstance": null,
      "gender": null,
      "localityAddress1": null,
      "localityCity": null,
      "localityCountry": null,
      "localityGeometry": null,
      "localityISOCountry": null,
      "localityLocation": null,
      "localityName": null,
      "localityPlaceId": null,
      "localityPostcode": null,
      "localityState": null,
      "localityTelephone": null,
      "medicalRecordNumber": null,
      "medicalRecordNumberEnc": null,
      "name": null,
      "nameEnc": null,
      "occupation": null,
      "outcome": null,
      "poisonSeverityScore": null,
      "pregnantLactating": null,
      "pregnantStatus": null,
      "pregnantTrimester": null,
      "pregnantTrimesterUnknown": null,
      "riskAssessment": null,
      "topic": null,
      "weight": null,
      "weightUnits": null,
    },
    "treatments": Object {
      "pastTreatments": Object {},
      "referrals": Array [],
      "treatments": Array [],
    },
  },
  "interlocutor": Object {
    "category": "",
    "contact": "",
    "name": "",
    "nameEnc": "",
    "organisation": Object {
      "address1": "",
      "address2": "",
      "city": "",
      "country": "",
      "geometry": Object {},
      "isoCountry": "",
      "location": "",
      "name": "",
      "placeId": "",
      "postcode": "",
      "state": "",
      "telephone": "",
    },
  },
  "medium": Object {
    "detail": "",
    "detailEnc": "",
    "type": "Phone",
  },
  "noteRef": null,
  "sequenceId": 1,
  "spi": Object {
    "id": "",
    "job": "",
    "name": "",
    "org": "",
    "roles": Array [],
    "siteId": "",
  },
  "timestamp": "2018-04-29T07:26:26.735Z",
  "type": "comms",
}
`;
