exports[`Patient action constants UPDATE_CASE_LIST_SEARCH_CALLER_LOCATION 1`] = `"pic/CurrentCaseList/UPDATE_CASE_LIST_SEARCH_CALLER_LOCATION"`;

exports[`Patient action constants UPDATE_CASE_LIST_SEARCH_CALLER_ORGANISATION 1`] = `"pic/CurrentCaseList/UPDATE_CASE_LIST_SEARCH_CALLER_ORGANISATION"`;

exports[`Patient action constants UPDATE_CASE_LIST_SEARCH_CENTRE_NAME 1`] = `"pic/CurrentCaseList/UPDATE_CASE_LIST_SEARCH_CENTRE_NAME"`;

exports[`Patient action constants UPDATE_CASE_LIST_SEARCH_FILTER 1`] = `"pic/CurrentCaseList/UPDATE_CASE_LIST_SEARCH_FILTER"`;

exports[`Patient action constants UPDATE_CASE_LIST_SEARCH_ID 1`] = `"pic/CurrentCaseList/UPDATE_CASE_LIST_SEARCH_ID"`;

exports[`Patient action constants UPDATE_CASE_LIST_SEARCH_NAME 1`] = `"pic/CurrentCaseList/UPDATE_CASE_LIST_SEARCH_NAME"`;

exports[`Patient action constants UPDATE_CASE_LIST_SEARCH_POSTCODE 1`] = `"pic/CurrentCaseList/UPDATE_CASE_LIST_SEARCH_POSTCODE"`;

exports[`Patient action constants UPDATE_CASE_LIST_SEARCH_SEX 1`] = `"pic/CurrentCaseList/UPDATE_CASE_LIST_SEARCH_SEX"`;

exports[`Patient action constants UPDATE_CASE_LIST_SEARCH_TIME 1`] = `"pic/CurrentCaseList/UPDATE_CASE_LIST_SEARCH_TIME"`;
