exports[`ActionBarContainer action constants TOGGLE_NEW_CALL_MODAL 1`] = `"pic/ActionBarContainer/TOGGLE_NEW_CALL_MODAL"`;

exports[`ActionBarContainer action constants UPDATE_NEW_CALL_MODAL_CALLER_LOCATION 1`] = `"pic/ActionBarContainer/UPDATE_NEW_CALL_MODAL_CALLER_LOCATION"`;

exports[`ActionBarContainer action constants UPDATE_NEW_CALL_MODAL_CALLER_ORGANISATION 1`] = `"pic/ActionBarContainer/UPDATE_NEW_CALL_MODAL_CALLER_ORGANISATION"`;

exports[`ActionBarContainer action constants UPDATE_NEW_CALL_MODAL_CENTRE_NAME 1`] = `"pic/ActionBarContainer/UPDATE_NEW_CALL_MODAL_CENTRE_NAME"`;

exports[`ActionBarContainer action constants UPDATE_NEW_CALL_MODAL_FILTER 1`] = `"pic/ActionBarContainer/UPDATE_NEW_CALL_MODAL_FILTER"`;

exports[`ActionBarContainer action constants UPDATE_NEW_CALL_MODAL_ID 1`] = `"pic/ActionBarContainer/UPDATE_NEW_CALL_MODAL_ID"`;

exports[`ActionBarContainer action constants UPDATE_NEW_CALL_MODAL_NAME 1`] = `"pic/ActionBarContainer/UPDATE_NEW_CALL_MODAL_NAME"`;

exports[`ActionBarContainer action constants UPDATE_NEW_CALL_MODAL_POSTCODE 1`] = `"pic/ActionBarContainer/UPDATE_NEW_CALL_MODAL_POSTCODE"`;

exports[`ActionBarContainer action constants UPDATE_NEW_CALL_MODAL_SELECTED 1`] = `"pic/ActionBarContainer/UPDATE_NEW_CALL_MODAL_SELECTED"`;

exports[`ActionBarContainer action constants UPDATE_NEW_CALL_MODAL_SEX 1`] = `"pic/ActionBarContainer/UPDATE_NEW_CALL_MODAL_SEX"`;

exports[`ActionBarContainer action constants UPDATE_NEW_CALL_MODAL_TIME 1`] = `"pic/ActionBarContainer/UPDATE_NEW_CALL_MODAL_TIME"`;
